// Vitest Snapshot v1, https://vitest.dev/guide/snapshot.html

exports[`sizeClass > answers for all 151 species, and most of the field stays M > class counts 1`] = `
{
  "L": 40,
  "M": 50,
  "S": 40,
  "XL": 21,
}
`;

exports[`the whole dex > matches the pinned size table > 151 size classes 1`] = `
"001 BULBASAUR    M
002 IVYSAUR      L
003 VENUSAUR     XL
004 CHARMANDER   M
005 CHARMELEON   L
006 CHARIZARD    XL
007 SQUIRTLE     M
008 WARTORTLE    L
009 BLASTOISE    XL
010 CATERPIE     S
011 METAPOD      M
012 BUTTERFREE   L
013 WEEDLE       S
014 KAKUNA       M
015 BEEDRILL     L
016 PIDGEY       S
017 PIDGEOTTO    M
018 PIDGEOT      L
019 RATTATA      S
020 RATICATE     M
021 SPEAROW      S
022 FEAROW       M
023 EKANS        M
024 ARBOK        M
025 PIKACHU      S
026 RAICHU       M
027 SANDSHREW    S
028 SANDSLASH    M
029 NIDORAN F    S
030 NIDORINA     M
031 NIDOQUEEN    L
032 NIDORAN M    S
033 NIDORINO     M
034 NIDOKING     L
035 CLEFAIRY     S
036 CLEFABLE     L
037 VULPIX       S
038 NINETALES    M
039 JIGGLYPUFF   S
040 WIGGLYTUFF   L
041 ZUBAT        S
042 GOLBAT       M
043 ODDISH       S
044 GLOOM        M
045 VILEPLUME    L
046 PARAS        S
047 PARASECT     M
048 VENONAT      S
049 VENOMOTH     M
050 DIGLETT      S
051 DUGTRIO      M
052 MEOWTH       S
053 PERSIAN      M
054 PSYDUCK      S
055 GOLDUCK      M
056 MANKEY       M
057 PRIMEAPE     M
058 GROWLITHE    M
059 ARCANINE     XL
060 POLIWAG      S
061 POLIWHIRL    M
062 POLIWRATH    L
063 ABRA         S
064 KADABRA      M
065 ALAKAZAM     L
066 MACHOP       M
067 MACHOKE      M
068 MACHAMP      XL
069 BELLSPROUT   S
070 WEEPINBELL   M
071 VICTREEBEL   L
072 TENTACOOL    S
073 TENTACRUEL   M
074 GEODUDE      S
075 GRAVELER     M
076 GOLEM        XL
077 PONYTA       M
078 RAPIDASH     M
079 SLOWPOKE     M
080 SLOWBRO      M
081 MAGNEMITE    S
082 MAGNETON     M
083 FARFETCH'D   L
084 DODUO        S
085 DODRIO       L
086 SEEL         S
087 DEWGONG      XL
088 GRIMER       S
089 MUK          XL
090 SHELLDER     S
091 CLOYSTER     L
092 GASTLY       S
093 HAUNTER      M
094 GENGAR       L
095 ONIX         XL
096 DROWZEE      M
097 HYPNO        M
098 KRABBY       S
099 KINGLER      M
100 VOLTORB      S
101 ELECTRODE    M
102 EXEGGCUTE    M
103 EXEGGUTOR    XL
104 CUBONE       S
105 MAROWAK      M
106 HITMONLEE    L
107 HITMONCHAN   L
108 LICKITUNG    L
109 KOFFING      S
110 WEEZING      M
111 RHYHORN      M
112 RHYDON       XL
113 CHANSEY      L
114 TANGELA      L
115 KANGASKHAN   XL
116 HORSEA       S
117 SEADRA       M
118 GOLDEEN      S
119 SEAKING      M
120 STARYU       S
121 STARMIE      M
122 MR. MIME     L
123 SCYTHER      L
124 JYNX         L
125 ELECTABUZZ   L
126 MAGMAR       L
127 PINSIR       L
128 TAUROS       XL
129 MAGIKARP     M
130 GYARADOS     XL
131 LAPRAS       XL
132 DITTO        S
133 EEVEE        S
134 VAPOREON     L
135 JOLTEON      L
136 FLAREON      L
137 PORYGON      L
138 OMANYTE      L
139 OMASTAR      L
140 KABUTO       L
141 KABUTOPS     L
142 AERODACTYL   L
143 SNORLAX      XL
144 ARTICUNO     XL
145 ZAPDOS       XL
146 MOLTRES      XL
147 DRATINI      L
148 DRAGONAIR    L
149 DRAGONITE    XL
150 MEWTWO       XL
151 MEW          S"
`;
